Resolving dependencies...
Downloading packages...
  _flutterfire_internals 1.3.59 (1.3.77 available)
  app_links 7.0.0 (7.2.1 available)
  app_links_platform_interface 2.0.2 (2.0.4 available)
  archive 3.6.1 (4.3.0 available)
  audioplayers 6.7.1 (6.8.1 available)
  audioplayers_android 5.2.1 (5.3.0 available)
  audioplayers_darwin 6.4.0 (6.5.0 available)
  audioplayers_linux 4.2.1 (4.3.0 available)
  audioplayers_platform_interface 7.1.1 (7.2.0 available)
  audioplayers_web 5.2.1 (5.3.0 available)
  audioplayers_windows 4.3.1 (4.4.1 available)
  cli_util 0.4.2 (0.6.0 available)
  clock 1.1.2 (1.1.3 available)
  code_assets 1.2.1 (2.1.0 available)
  cross_file 0.3.5+5 (0.4.0 available)
  cupertino_icons 1.0.9 (2.0.0 available)
  dbus 0.7.15 (0.8.0 available)
  device_info_plus 10.1.2 (13.3.0 available)
  device_info_plus_platform_interface 7.0.3 (8.1.0 available)
  file_picker 8.3.7 (13.1.0 available)
  firebase_core 3.15.2 (4.15.0 available)
  firebase_core_platform_interface 6.0.3 (8.1.1 available)
  firebase_core_web 2.24.1 (3.12.0 available)
  firebase_messaging 15.2.10 (16.7.0 available)
  firebase_messaging_platform_interface 4.6.10 (4.10.0 available)
  firebase_messaging_web 3.10.10 (4.2.5 available)
  flutter_launcher_icons 0.13.1 (0.14.4 available)
  flutter_lints 3.0.2 (6.0.0 available)
  flutter_local_notifications 17.2.4 (22.3.1 available)
  flutter_local_notifications_linux 4.0.1 (8.0.1 available)
  flutter_local_notifications_platform_interface 7.2.0 (12.2.0 available)
  flutter_map 7.0.2 (8.3.2 available)
  flutter_riverpod 2.6.1 (3.4.3 available)
  geolocator 13.0.4 (14.1.1 available)
  geolocator_android 4.6.2 (5.1.1+1 available)
  go_router 14.8.1 (18.0.2 available)
  google_fonts 6.3.3 (9.0.0 available)
  hooks 2.0.2 (2.2.0 available)
  image 4.3.0 (4.10.1 available)
  image_picker_android 0.8.13+17 (0.8.13+25 available)
  image_picker_ios 0.8.13+8 (0.8.13+9 available)
! intl 0.20.3 (overridden)
  jni 1.0.3 (1.1.0 available)
  latlong2 0.9.1 (0.10.1 available)
  lints 3.0.0 (6.1.0 available)
  matcher 0.12.19 (0.12.20 available)
  material_color_utilities 0.13.0 (0.13.1 available)
  meta 1.17.0 (1.19.0 available)
  mgrs_dart 2.0.0 (3.0.0 available)
  objective_c 9.5.0 (9.6.2 available)
  package_info_plus 8.3.1 (10.2.2 available)
  package_info_plus_platform_interface 3.2.1 (4.1.0 available)
  permission_handler 11.4.0 (13.0.2 available)
  permission_handler_android 12.1.0 (14.1.0 available)
  petitparser 7.0.2 (7.1.0 available)
  platform 3.1.6 (3.2.0 available)
  proj4dart 2.1.0 (3.0.0 available)
  record_use 0.6.0 (1.1.1 available)
  riverpod 2.6.1 (3.4.3 available)
  share_plus 12.0.2 (13.3.1 available)
  share_plus_platform_interface 6.1.0 (7.2.0 available)
  shared_preferences_android 2.4.23 (2.4.28 available)
  stack_trace 1.12.1 (1.12.2 available)
  storage_client 2.8.0 (2.8.1 available)
  supabase 2.16.1 (2.16.2 available)
  supabase_flutter 2.17.2 (2.18.0 available)
  syncfusion_flutter_core 25.2.7 (35.1.37 available)
  syncfusion_flutter_pdf 25.2.7 (35.1.37 available)
  syncfusion_flutter_xlsio 25.2.7 (35.1.37 available)
  syncfusion_officecore 25.2.7 (35.1.37 available)
  synchronized 3.4.0+1 (3.4.2 available)
  test_api 0.7.10 (0.7.14 available)
  timezone 0.9.4 (0.11.1 available)
  unicode 0.3.1 (1.1.9 available)
  url_launcher 6.3.2 (6.3.3 available)
  url_launcher_android 6.3.30 (6.3.33 available)
  vector_math 2.2.0 (2.4.3 available)
  win32 5.15.0 (6.4.0 available)
  win32_registry 1.1.5 (3.0.3 available)
  xml 6.6.1 (7.1.0 available)
Got dependencies!
79 packages have newer versions incompatible with dependency constraints.
Try `flutter pub outdated` for more information.
Building com.batra.hrpro.hrPro for simulator (ios)...
Running pod install...                                             54.0s
Running Xcode build...                                          
Xcode build done.                                           245.8s
✓ Built build/ios/iphonesimulator/Runner.app
